INFO: [VRFC 10-2263] Analyzing Verilog file "C:/QtHomeWork/front-end/newaoe-frontend-backend/refactor_staging/project_923106840429.srcs/sources_1/new/alu.v" into library xil_defaultlib
INFO: [VRFC 10-311] analyzing module alu
INFO: [VRFC 10-2263] Analyzing Verilog file "C:/QtHomeWork/front-end/newaoe-frontend-backend/refactor_staging/project_923106840429.srcs/sources_1/new/alu_control.v" into library xil_defaultlib
INFO: [VRFC 10-311] analyzing module alu_control
INFO: [VRFC 10-2263] Analyzing Verilog file "C:/QtHomeWork/front-end/newaoe-frontend-backend/refactor_staging/project_923106840429.srcs/sources_1/new/cpu_top.v" into library xil_defaultlib
INFO: [VRFC 10-311] analyzing module mips_pipeline_top
WARNING: [VRFC 10-3380] identifier 'dbg4' is used before its declaration [C:/QtHomeWork/front-end/newaoe-frontend-backend/refactor_staging/project_923106840429.srcs/sources_1/new/cpu_top.v:51]
WARNING: [VRFC 10-3380] identifier 'dbg5' is used before its declaration [C:/QtHomeWork/front-end/newaoe-frontend-backend/refactor_staging/project_923106840429.srcs/sources_1/new/cpu_top.v:52]
WARNING: [VRFC 10-3380] identifier 'dbg8' is used before its declaration [C:/QtHomeWork/front-end/newaoe-frontend-backend/refactor_staging/project_923106840429.srcs/sources_1/new/cpu_top.v:53]
WARNING: [VRFC 10-3380] identifier 'next_pc' is used before its declaration [C:/QtHomeWork/front-end/newaoe-frontend-backend/refactor_staging/project_923106840429.srcs/sources_1/new/cpu_top.v:55]
INFO: [VRFC 10-311] analyzing module instruction_rom
INFO: [VRFC 10-2263] Analyzing Verilog file "C:/QtHomeWork/front-end/newaoe-frontend-backend/refactor_staging/project_923106840429.srcs/sources_1/new/ex_mem.v" into library xil_defaultlib
INFO: [VRFC 10-311] analyzing module execute_memory_reg
INFO: [VRFC 10-2263] Analyzing Verilog file "C:/QtHomeWork/front-end/newaoe-frontend-backend/refactor_staging/project_923106840429.srcs/sources_1/new/hazard_unit.v" into library xil_defaultlib
INFO: [VRFC 10-311] analyzing module load_use_hazard
INFO: [VRFC 10-2263] Analyzing Verilog file "C:/QtHomeWork/front-end/newaoe-frontend-backend/refactor_staging/project_923106840429.srcs/sources_1/new/id_ex.v" into library xil_defaultlib
INFO: [VRFC 10-311] analyzing module decode_execute_reg
INFO: [VRFC 10-2263] Analyzing Verilog file "C:/QtHomeWork/front-end/newaoe-frontend-backend/refactor_staging/project_923106840429.srcs/sources_1/new/if_id.v" into library xil_defaultlib
INFO: [VRFC 10-311] analyzing module pipeline_reg32
INFO: [VRFC 10-311] analyzing module fetch_decode_reg
INFO: [VRFC 10-2263] Analyzing Verilog file "C:/QtHomeWork/front-end/newaoe-frontend-backend/refactor_staging/project_923106840429.srcs/sources_1/new/main_control.v" into library xil_defaultlib
INFO: [VRFC 10-311] analyzing module main_control
INFO: [VRFC 10-2263] Analyzing Verilog file "C:/QtHomeWork/front-end/newaoe-frontend-backend/refactor_staging/project_923106840429.srcs/sources_1/new/mem_wb.v" into library xil_defaultlib
INFO: [VRFC 10-311] analyzing module memory_writeback_reg
INFO: [VRFC 10-2263] Analyzing Verilog file "C:/QtHomeWork/front-end/newaoe-frontend-backend/refactor_staging/project_923106840429.srcs/sources_1/new/pipeex.v" into library xil_defaultlib
INFO: [VRFC 10-311] analyzing module execute_stage
INFO: [VRFC 10-2263] Analyzing Verilog file "C:/QtHomeWork/front-end/newaoe-frontend-backend/refactor_staging/project_923106840429.srcs/sources_1/new/pipeid.v" into library xil_defaultlib
INFO: [VRFC 10-311] analyzing module decode_stage
INFO: [VRFC 10-2263] Analyzing Verilog file "C:/QtHomeWork/front-end/newaoe-frontend-backend/refactor_staging/project_923106840429.srcs/sources_1/new/pipeif.v" into library xil_defaultlib
INFO: [VRFC 10-311] analyzing module fetch_pc_stage
INFO: [VRFC 10-2263] Analyzing Verilog file "C:/QtHomeWork/front-end/newaoe-frontend-backend/refactor_staging/project_923106840429.srcs/sources_1/new/pipemem.v" into library xil_defaultlib
INFO: [VRFC 10-311] analyzing module memory_stage
INFO: [VRFC 10-2263] Analyzing Verilog file "C:/QtHomeWork/front-end/newaoe-frontend-backend/refactor_staging/project_923106840429.srcs/sources_1/new/regfile.v" into library xil_defaultlib
INFO: [VRFC 10-311] analyzing module regfile
INFO: [VRFC 10-2263] Analyzing Verilog file "C:/QtHomeWork/front-end/newaoe-frontend-backend/refactor_staging/project_923106840429.srcs/sim_1/new/tb_cpu.v" into library xil_defaultlib
INFO: [VRFC 10-311] analyzing module tb_cpu
