INFO: [Common 17-3922] A valid Vivado Design Suite ENTERPRISE license has been detected. Your current license is active and will expire on 31-oct-2026.
#-----------------------------------------------------------
# Vivado v2026.1 (64-bit)
# SW Build 6511674 on Tue Jun 16 11:02:23 MDT 2026
# IP Build 6504888 on Tue Jun 09 09:05:25 MDT 2026
# SharedData Build 6501428 on Mon Jun 08 17:34:18 MDT 2026
# Start of session at: Sun Sep 13 18:54:47 2026
# Process ID         : 34204
# Current directory  : C:/QtHomeWork/front-end/newaoe-frontend-backend/refactor_staging
# Command line       : vivado.exe -gui_launcher_event rodinguilauncherevent57968 C:\QtHomeWork\front-end\newaoe-frontend-backend\refactor_staging\project_923106840429.xpr
# Log file           : C:/QtHomeWork/front-end/newaoe-frontend-backend/refactor_staging/vivado.log
# Journal file       : C:/QtHomeWork/front-end/newaoe-frontend-backend/refactor_staging\vivado.jou
# Running On         : hackerMMZZ
# Platform           : Windows 11
# Operating System   : 26200
# Processor Detail   : 13th Gen Intel(R) Core(TM) i9-13900HX
# CPU Frequency      : 2419 MHz
# CPU Physical cores : 24
# CPU Logical cores  : 32
# Host memory        : 16858 MB
# Swap memory        : 21474 MB
# Total Virtual      : 38333 MB
# Available Virtual  : 9297 MB
#-----------------------------------------------------------
start_gui
open_project C:/QtHomeWork/front-end/newaoe-frontend-backend/refactor_staging/project_923106840429.xpr
INFO: [Project 1-313] Project file moved from 'C:/vscode/jieplag/examples/aplusb/students/project_923106840429' since last save.
Scanning sources...
Finished scanning sources
WARNING: [Project 1-5713] Board part '' set for the project  is not found. BoardPart property will be unset. Please select board from latest repo build 
INFO: [IP_Flow 19-234] Refreshing IP repositories
INFO: [IP_Flow 19-1704] No user IP repositories specified
INFO: [IP_Flow 19-2313] Loaded Vivado IP repository 'C:/AMDDesignTools/2026.1/Vivado/data/ip'.
open_project: Time (s): cpu = 00:00:32 ; elapsed = 00:00:16 . Memory (MB): peak = 1829.824 ; gain = 255.512
update_compile_order -fileset sources_1
launch_simulation
Command: launch_simulation  -mode behavioral
INFO: [Vivado 12-25911] Executing simulation for 'XSim' simulator
INFO: [Vivado 12-28535] Process started - Sun Sep 13 18:56:12 2026

INFO: [Vivado 12-12493] Simulation top is 'tb_cpu'
INFO: [Vivado 12-5682] Launching behavioral simulation in 'C:/QtHomeWork/front-end/newaoe-frontend-backend/refactor_staging/project_923106840429.sim/sim_1/behav/xsim'
INFO: [SIM-utils-51] Simulation object is 'sim_1'
INFO: [SIM-utils-72] Using boost library from 'C:/AMDDesignTools/2026.1/Vivado/tps/boost_1_72_0'
INFO: [SIM-utils-54] Inspecting design source files for 'tb_cpu' in fileset 'sim_1'...
INFO: [USF-XSim-97] Finding global include files...
INFO: [USF-XSim-98] Fetching design files from 'sim_1'...
INFO: [USF-XSim-2] XSim::Compile design
INFO: [USF-XSim-61] Executing 'COMPILE and ANALYZE' step in 'C:/QtHomeWork/front-end/newaoe-frontend-backend/refactor_staging/project_923106840429.sim/sim_1/behav/xsim'
"xvlog --incr --relax -prj tb_cpu_vlog.prj"
INFO: [VRFC 10-2263] Analyzing Verilog file "C:/QtHomeWork/front-end/newaoe-frontend-backend/refactor_staging/project_923106840429.srcs/sources_1/new/alu.v" into library xil_defaultlib
INFO: [VRFC 10-311] analyzing module alu
INFO: [VRFC 10-2263] Analyzing Verilog file "C:/QtHomeWork/front-end/newaoe-frontend-backend/refactor_staging/project_923106840429.srcs/sources_1/new/alu_control.v" into library xil_defaultlib
INFO: [VRFC 10-311] analyzing module alu_control
INFO: [VRFC 10-2263] Analyzing Verilog file "C:/QtHomeWork/front-end/newaoe-frontend-backend/refactor_staging/project_923106840429.srcs/sources_1/new/cpu_top.v" into library xil_defaultlib
INFO: [VRFC 10-311] analyzing module mips_pipeline_top
WARNING: [VRFC 10-3380] identifier 'dbg4' is used before its declaration [C:/QtHomeWork/front-end/newaoe-frontend-backend/refactor_staging/project_923106840429.srcs/sources_1/new/cpu_top.v:51]
WARNING: [VRFC 10-3380] identifier 'dbg5' is used before its declaration [C:/QtHomeWork/front-end/newaoe-frontend-backend/refactor_staging/project_923106840429.srcs/sources_1/new/cpu_top.v:52]
WARNING: [VRFC 10-3380] identifier 'dbg8' is used before its declaration [C:/QtHomeWork/front-end/newaoe-frontend-backend/refactor_staging/project_923106840429.srcs/sources_1/new/cpu_top.v:53]
WARNING: [VRFC 10-3380] identifier 'next_pc' is used before its declaration [C:/QtHomeWork/front-end/newaoe-frontend-backend/refactor_staging/project_923106840429.srcs/sources_1/new/cpu_top.v:55]
INFO: [VRFC 10-311] analyzing module instruction_rom
INFO: [VRFC 10-2263] Analyzing Verilog file "C:/QtHomeWork/front-end/newaoe-frontend-backend/refactor_staging/project_923106840429.srcs/sources_1/new/ex_mem.v" into library xil_defaultlib
INFO: [VRFC 10-311] analyzing module execute_memory_reg
INFO: [VRFC 10-2263] Analyzing Verilog file "C:/QtHomeWork/front-end/newaoe-frontend-backend/refactor_staging/project_923106840429.srcs/sources_1/new/hazard_unit.v" into library xil_defaultlib
INFO: [VRFC 10-311] analyzing module load_use_hazard
INFO: [VRFC 10-2263] Analyzing Verilog file "C:/QtHomeWork/front-end/newaoe-frontend-backend/refactor_staging/project_923106840429.srcs/sources_1/new/id_ex.v" into library xil_defaultlib
INFO: [VRFC 10-311] analyzing module decode_execute_reg
INFO: [VRFC 10-2263] Analyzing Verilog file "C:/QtHomeWork/front-end/newaoe-frontend-backend/refactor_staging/project_923106840429.srcs/sources_1/new/if_id.v" into library xil_defaultlib
INFO: [VRFC 10-311] analyzing module pipeline_reg32
INFO: [VRFC 10-311] analyzing module fetch_decode_reg
INFO: [VRFC 10-2263] Analyzing Verilog file "C:/QtHomeWork/front-end/newaoe-frontend-backend/refactor_staging/project_923106840429.srcs/sources_1/new/main_control.v" into library xil_defaultlib
INFO: [VRFC 10-311] analyzing module main_control
INFO: [VRFC 10-2263] Analyzing Verilog file "C:/QtHomeWork/front-end/newaoe-frontend-backend/refactor_staging/project_923106840429.srcs/sources_1/new/mem_wb.v" into library xil_defaultlib
INFO: [VRFC 10-311] analyzing module memory_writeback_reg
INFO: [VRFC 10-2263] Analyzing Verilog file "C:/QtHomeWork/front-end/newaoe-frontend-backend/refactor_staging/project_923106840429.srcs/sources_1/new/pipeex.v" into library xil_defaultlib
INFO: [VRFC 10-311] analyzing module execute_stage
INFO: [VRFC 10-2263] Analyzing Verilog file "C:/QtHomeWork/front-end/newaoe-frontend-backend/refactor_staging/project_923106840429.srcs/sources_1/new/pipeid.v" into library xil_defaultlib
INFO: [VRFC 10-311] analyzing module decode_stage
INFO: [VRFC 10-2263] Analyzing Verilog file "C:/QtHomeWork/front-end/newaoe-frontend-backend/refactor_staging/project_923106840429.srcs/sources_1/new/pipeif.v" into library xil_defaultlib
INFO: [VRFC 10-311] analyzing module fetch_pc_stage
INFO: [VRFC 10-2263] Analyzing Verilog file "C:/QtHomeWork/front-end/newaoe-frontend-backend/refactor_staging/project_923106840429.srcs/sources_1/new/pipemem.v" into library xil_defaultlib
INFO: [VRFC 10-311] analyzing module memory_stage
INFO: [VRFC 10-2263] Analyzing Verilog file "C:/QtHomeWork/front-end/newaoe-frontend-backend/refactor_staging/project_923106840429.srcs/sources_1/new/regfile.v" into library xil_defaultlib
INFO: [VRFC 10-311] analyzing module regfile
INFO: [VRFC 10-2263] Analyzing Verilog file "C:/QtHomeWork/front-end/newaoe-frontend-backend/refactor_staging/project_923106840429.srcs/sim_1/new/tb_cpu.v" into library xil_defaultlib
INFO: [VRFC 10-311] analyzing module tb_cpu
run_program: Time (s): cpu = 00:00:01 ; elapsed = 00:00:05 . Memory (MB): peak = 1835.789 ; gain = 0.000
INFO: [USF-XSim-69] 'compile' step finished in '5' seconds
INFO: [USF-XSim-3] XSim::Elaborate design
INFO: [USF-XSim-61] Executing 'ELABORATE' step in 'C:/QtHomeWork/front-end/newaoe-frontend-backend/refactor_staging/project_923106840429.sim/sim_1/behav/xsim'
"xelab --incr --debug typical --relax --mt 2 -L xil_defaultlib -L unisims_ver -L unimacro_ver -L secureip --snapshot tb_cpu_behav xil_defaultlib.tb_cpu xil_defaultlib.glbl -log elaborate.log"
Vivado Simulator v2026.1
Copyright 1986-2022 Xilinx, Inc. All Rights Reserved.
Copyright 2022-2026 Advanced Micro Devices, Inc. All Rights Reserved.
Running: C:/AMDDesignTools/2026.1/Vivado/bin/unwrapped/win64.o/xelab.exe --incr --debug typical --relax --mt 2 -L xil_defaultlib -L unisims_ver -L unimacro_ver -L secureip --snapshot tb_cpu_behav xil_defaultlib.tb_cpu xil_defaultlib.glbl -log elaborate.log 
INFO: [XSIM 43-3493] Using 2 slave threads.
Starting static elaboration
Pass Through NonSizing Optimizer
Completed static elaboration
Starting simulation data flow analysis
Completed simulation data flow analysis
Time Resolution for simulation is 1ps
Compiling module xil_defaultlib.instruction_rom
Compiling module xil_defaultlib.fetch_pc_stage
Compiling module xil_defaultlib.pipeline_reg32
Compiling module xil_defaultlib.fetch_decode_reg
Compiling module xil_defaultlib.regfile
Compiling module xil_defaultlib.main_control
Compiling module xil_defaultlib.decode_stage
Compiling module xil_defaultlib.load_use_hazard
Compiling module xil_defaultlib.decode_execute_reg
Compiling module xil_defaultlib.alu_control
Compiling module xil_defaultlib.alu
Compiling module xil_defaultlib.execute_stage
Compiling module xil_defaultlib.execute_memory_reg
Compiling module xil_defaultlib.memory_stage
Compiling module xil_defaultlib.memory_writeback_reg
Compiling module xil_defaultlib.mips_pipeline_top
Compiling module xil_defaultlib.tb_cpu
Compiling module xil_defaultlib.glbl
Built simulation snapshot tb_cpu_behav
run_program: Time (s): cpu = 00:00:00 ; elapsed = 00:00:06 . Memory (MB): peak = 1835.789 ; gain = 0.000
INFO: [USF-XSim-69] 'elaborate' step finished in '6' seconds
INFO: [USF-XSim-4] XSim::Simulate design
INFO: [USF-XSim-61] Executing 'SIMULATE' step in 'C:/QtHomeWork/front-end/newaoe-frontend-backend/refactor_staging/project_923106840429.sim/sim_1/behav/xsim'
INFO: [USF-XSim-98] *** Running xsim
   with args "tb_cpu_behav -key {Behavioral:sim_1:Functional:tb_cpu} -tclbatch {tb_cpu.tcl} -log {simulate.log}"
INFO: [USF-XSim-8] Loading simulator feature
Time resolution is 1 ps
source tb_cpu.tcl
# set curr_wave [current_wave_config]
# if { [string length $curr_wave] == 0 } {
#   if { [llength [get_objects]] > 0} {
#     add_wave /
#     set_property needs_save false [current_wave_config]
#   } else {
#      send_msg_id Add_Wave-1 WARNING "No top level signals found. Simulator will start without a wave window. If you want to open a wave window go to 'File->New Waveform Configuration' or type 'create_wave_config' in the TCL console."
#   }
# }
# run 1000ns
Time | PC       | IF_ID_INS | STALL | BUBBLE | EALU     | MALU     | WALU     | R8_DEBUG
-----|----------|-----------|-------|--------|----------|----------|----------|----------
20000 | 00000000 | 00000000 | 0 | 0 | 00000000 | 00000000 | 00000000 | 00000000
40000 | 00000004 | 3c010000 | 0 | 0 | 00000000 | 00000000 | 00000000 | 00000000
60000 | 00000008 | 34240050 | 0 | 0 | 00000000 | 00000000 | 00000000 | 00000000
80000 | 0000000c | 0c00001b | 0 | 0 | 00000050 | 00000000 | 00000000 | 00000000
100000 | 0000006c | 20050004 | 0 | 0 | 00000010 | 00000050 | 00000000 | 00000000
120000 | 00000070 | 00004020 | 0 | 0 | 00000004 | 00000010 | 00000050 | 00000000
140000 | 00000074 | 8c890000 | 0 | 0 | 00000000 | 00000004 | 00000010 | 00000000
160000 | 00000078 | 01094020 | 1 | 1 | 00000050 | 00000000 | 00000004 | 00000000
180000 | 00000078 | 01094020 | 0 | 0 | 00000000 | 00000050 | 00000000 | 00000000
200000 | 0000007c | 20a5ffff | 0 | 0 | 000000a3 | 00000000 | 000000a3 | 00000000
220000 | 00000080 | 14a0fffc | 0 | 0 | 00000003 | 000000a3 | 00000000 | 00000000
240000 | 00000070 | 20840004 | 0 | 0 | 00000003 | 00000003 | 000000a3 | 00000000
260000 | 00000074 | 8c890000 | 0 | 0 | 00000054 | 00000003 | 00000003 | 000000a3
280000 | 00000078 | 01094020 | 1 | 1 | 00000054 | 00000054 | 00000003 | 000000a3
300000 | 00000078 | 01094020 | 0 | 0 | 00000000 | 00000054 | 00000054 | 000000a3
320000 | 0000007c | 20a5ffff | 0 | 0 | 000000ca | 00000000 | 00000027 | 000000a3
340000 | 00000080 | 14a0fffc | 0 | 0 | 00000002 | 000000ca | 00000000 | 000000a3
360000 | 00000070 | 20840004 | 0 | 0 | 00000002 | 00000002 | 000000ca | 000000a3
380000 | 00000074 | 8c890000 | 0 | 0 | 00000058 | 00000002 | 00000002 | 000000ca
400000 | 00000078 | 01094020 | 1 | 1 | 00000058 | 00000058 | 00000002 | 000000ca
420000 | 00000078 | 01094020 | 0 | 0 | 00000000 | 00000058 | 00000058 | 000000ca
440000 | 0000007c | 20a5ffff | 0 | 0 | 00000143 | 00000000 | 00000079 | 000000ca
460000 | 00000080 | 14a0fffc | 0 | 0 | 00000001 | 00000143 | 00000000 | 000000ca
480000 | 00000070 | 20840004 | 0 | 0 | 00000001 | 00000001 | 00000143 | 000000ca
500000 | 00000074 | 8c890000 | 0 | 0 | 0000005c | 00000001 | 00000001 | 00000143
520000 | 00000078 | 01094020 | 1 | 1 | 0000005c | 0000005c | 00000001 | 00000143
540000 | 00000078 | 01094020 | 0 | 0 | 00000000 | 0000005c | 0000005c | 00000143
560000 | 0000007c | 20a5ffff | 0 | 0 | 00000258 | 00000000 | 00000115 | 00000143
580000 | 00000080 | 14a0fffc | 0 | 0 | 00000000 | 00000258 | 00000000 | 00000143
600000 | 00000084 | 20840004 | 0 | 0 | 00000000 | 00000000 | 00000258 | 00000143
620000 | 00000088 | 03e00008 | 0 | 0 | 00000060 | 00000000 | 00000000 | 00000258
640000 | 00000010 | 00081000 | 0 | 0 | 00000018 | 00000060 | 00000000 | 00000258
660000 | 00000014 | ac820000 | 0 | 0 | 00000258 | 00000018 | 00000060 | 00000258
680000 | 00000018 | 8c890000 | 0 | 0 | 00000060 | 00000258 | 00000018 | 00000258
700000 | 0000001c | 01244022 | 1 | 1 | 00000060 | 00000060 | 00000258 | 00000258
720000 | 0000001c | 01244022 | 0 | 0 | 00000000 | 00000060 | 00000060 | 00000258
740000 | 00000020 | 20050003 | 0 | 0 | 000001f8 | 00000000 | 00000258 | 00000258
760000 | 00000024 | 20a5ffff | 0 | 0 | 00000003 | 000001f8 | 00000000 | 00000258
780000 | 00000028 | 34a8ffff | 0 | 0 | 00000002 | 00000003 | 000001f8 | 00000258
800000 | 0000002c | 39085555 | 0 | 0 | 0000ffff | 00000002 | 00000003 | 000001f8
820000 | 00000030 | 2009ffff | 0 | 0 | 0000aaaa | 0000ffff | 00000002 | 000001f8
840000 | 00000034 | 312affff | 0 | 0 | ffffffff | 0000aaaa | 0000ffff | 000001f8
860000 | 00000038 | 01493025 | 0 | 0 | 0000ffff | ffffffff | 0000aaaa | 0000ffff
880000 | 0000003c | 01494026 | 0 | 0 | ffffffff | 0000ffff | ffffffff | 0000aaaa
900000 | 00000040 | 01463824 | 0 | 0 | ffff0000 | ffffffff | 0000ffff | 0000aaaa
920000 | 00000044 | 10a00003 | 0 | 0 | 0000ffff | ffff0000 | ffffffff | 0000aaaa
940000 | 00000048 | 00000000 | 0 | 0 | 00000002 | 0000ffff | ffff0000 | 0000aaaa
960000 | 0000004c | 08000008 | 0 | 0 | 00000000 | 00000002 | 0000ffff | ffff0000
980000 | 00000020 | 00000000 | 0 | 0 | 00000008 | 00000000 | 00000002 | ffff0000
1000000 | 00000024 | 20a5ffff | 0 | 0 | 00000000 | 00000008 | 00000000 | ffff0000
INFO: [USF-XSim-96] XSim completed. Design snapshot 'tb_cpu_behav' loaded.
INFO: [USF-XSim-97] XSim simulation ran for 1000ns
launch_simulation: Time (s): cpu = 00:00:08 ; elapsed = 00:00:16 . Memory (MB): peak = 1862.668 ; gain = 26.879
run 1800 ns
1020000 | 00000028 | 34a8ffff | 0 | 0 | 00000001 | 00000000 | 00000008 | ffff0000
1040000 | 0000002c | 39085555 | 0 | 0 | 0000ffff | 00000001 | 00000000 | ffff0000
1060000 | 00000030 | 2009ffff | 0 | 0 | 0000aaaa | 0000ffff | 00000001 | ffff0000
1080000 | 00000034 | 312affff | 0 | 0 | ffffffff | 0000aaaa | 0000ffff | ffff0000
1100000 | 00000038 | 01493025 | 0 | 0 | 0000ffff | ffffffff | 0000aaaa | 0000ffff
1120000 | 0000003c | 01494026 | 0 | 0 | ffffffff | 0000ffff | ffffffff | 0000aaaa
1140000 | 00000040 | 01463824 | 0 | 0 | ffff0000 | ffffffff | 0000ffff | 0000aaaa
1160000 | 00000044 | 10a00003 | 0 | 0 | 0000ffff | ffff0000 | ffffffff | 0000aaaa
1180000 | 00000048 | 00000000 | 0 | 0 | 00000001 | 0000ffff | ffff0000 | 0000aaaa
1200000 | 0000004c | 08000008 | 0 | 0 | 00000000 | 00000001 | 0000ffff | ffff0000
1220000 | 00000020 | 00000000 | 0 | 0 | 00000008 | 00000000 | 00000001 | ffff0000
1240000 | 00000024 | 20a5ffff | 0 | 0 | 00000000 | 00000008 | 00000000 | ffff0000
1260000 | 00000028 | 34a8ffff | 0 | 0 | 00000000 | 00000000 | 00000008 | ffff0000
1280000 | 0000002c | 39085555 | 0 | 0 | 0000ffff | 00000000 | 00000000 | ffff0000
1300000 | 00000030 | 2009ffff | 0 | 0 | 0000aaaa | 0000ffff | 00000000 | ffff0000
1320000 | 00000034 | 312affff | 0 | 0 | ffffffff | 0000aaaa | 0000ffff | ffff0000
1340000 | 00000038 | 01493025 | 0 | 0 | 0000ffff | ffffffff | 0000aaaa | 0000ffff
1360000 | 0000003c | 01494026 | 0 | 0 | ffffffff | 0000ffff | ffffffff | 0000aaaa
1380000 | 00000040 | 01463824 | 0 | 0 | ffff0000 | ffffffff | 0000ffff | 0000aaaa
1400000 | 00000044 | 10a00003 | 0 | 0 | 0000ffff | ffff0000 | ffffffff | 0000aaaa
1420000 | 00000050 | 00000000 | 0 | 0 | 00000000 | 0000ffff | ffff0000 | 0000aaaa
1440000 | 00000054 | 2005ffff | 0 | 0 | 00000000 | 00000000 | 0000ffff | ffff0000
1460000 | 00000058 | 000543c0 | 0 | 0 | ffffffff | 00000000 | 00000000 | ffff0000
1480000 | 0000005c | 00084400 | 0 | 0 | ffff8000 | ffffffff | 00000000 | ffff0000
1500000 | 00000060 | 00084403 | 0 | 0 | 80000000 | ffff8000 | ffffffff | ffff0000
1520000 | 00000064 | 000843c2 | 0 | 0 | ffff8000 | 80000000 | ffff8000 | ffff0000
1540000 | 00000068 | 08000019 | 0 | 0 | 0001ffff | ffff8000 | 80000000 | ffff8000
1560000 | 00000064 | 00000000 | 0 | 0 | 00000019 | 0001ffff | ffff8000 | 80000000
1580000 | 00000068 | 08000019 | 0 | 0 | 00000000 | 00000019 | 0001ffff | ffff8000
1600000 | 00000064 | 00000000 | 0 | 0 | 00000019 | 00000000 | 00000019 | 0001ffff
1620000 | 00000068 | 08000019 | 0 | 0 | 00000000 | 00000019 | 00000000 | 0001ffff
1640000 | 00000064 | 00000000 | 0 | 0 | 00000019 | 00000000 | 00000019 | 0001ffff
1660000 | 00000068 | 08000019 | 0 | 0 | 00000000 | 00000019 | 00000000 | 0001ffff
1680000 | 00000064 | 00000000 | 0 | 0 | 00000019 | 00000000 | 00000019 | 0001ffff
1700000 | 00000068 | 08000019 | 0 | 0 | 00000000 | 00000019 | 00000000 | 0001ffff
1720000 | 00000064 | 00000000 | 0 | 0 | 00000019 | 00000000 | 00000019 | 0001ffff
1740000 | 00000068 | 08000019 | 0 | 0 | 00000000 | 00000019 | 00000000 | 0001ffff
1760000 | 00000064 | 00000000 | 0 | 0 | 00000019 | 00000000 | 00000019 | 0001ffff
1780000 | 00000068 | 08000019 | 0 | 0 | 00000000 | 00000019 | 00000000 | 0001ffff
1800000 | 00000064 | 00000000 | 0 | 0 | 00000019 | 00000000 | 00000019 | 0001ffff
1820000 | 00000068 | 08000019 | 0 | 0 | 00000000 | 00000019 | 00000000 | 0001ffff
1840000 | 00000064 | 00000000 | 0 | 0 | 00000019 | 00000000 | 00000019 | 0001ffff
1860000 | 00000068 | 08000019 | 0 | 0 | 00000000 | 00000019 | 00000000 | 0001ffff
1880000 | 00000064 | 00000000 | 0 | 0 | 00000019 | 00000000 | 00000019 | 0001ffff
1900000 | 00000068 | 08000019 | 0 | 0 | 00000000 | 00000019 | 00000000 | 0001ffff
1920000 | 00000064 | 00000000 | 0 | 0 | 00000019 | 00000000 | 00000019 | 0001ffff
1940000 | 00000068 | 08000019 | 0 | 0 | 00000000 | 00000019 | 00000000 | 0001ffff
1960000 | 00000064 | 00000000 | 0 | 0 | 00000019 | 00000000 | 00000019 | 0001ffff
1980000 | 00000068 | 08000019 | 0 | 0 | 00000000 | 00000019 | 00000000 | 0001ffff
2000000 | 00000064 | 00000000 | 0 | 0 | 00000019 | 00000000 | 00000019 | 0001ffff
==============================================
Simulation finished
Final PC       = 00000068
Final R4       = 00000060
Final R5       = ffffffff
Final R8       = 0001ffff
==============================================
$finish called at time : 2020 ns : File "C:/QtHomeWork/front-end/newaoe-frontend-backend/refactor_staging/project_923106840429.srcs/sim_1/new/tb_cpu.v" Line 143
close_sim
INFO: [Simtcl 6-16] Simulation closed
exit
INFO: [Common 17-206] Exiting Vivado at Sun Sep 13 18:56:57 2026...
